../Core/Src/main.c:81:5:main	8	static
../Core/Src/main.c:156:6:SystemClock_Config	88	static
../Core/Src/main.c:203:13:MX_TIM1_Init	56	static
../Core/Src/main.c:253:13:MX_TIM2_Init	56	static
../Core/Src/main.c:302:13:MX_TIM3_Init	48	static
../Core/Src/main.c:351:13:MX_USART2_UART_Init	8	static
../Core/Src/main.c:382:13:MX_DMA_Init	16	static
../Core/Src/main.c:400:13:MX_GPIO_Init	48	static
../Core/Src/main.c:449:6:ToSimulink	16	static
../Core/Src/main.c:459:6:Error_Handler	4	static,ignoring_inline_asm
