Archive member included to satisfy reference by file (symbol)

C:/ST/STM32CubeIDE_1.14.0/STM32CubeIDE/plugins/com.st.stm32cube.ide.mcu.externaltools.gnu-tools-for-stm32.11.3.rel1.win32_1.1.100.202309141235/tools/bin/../lib/gcc/arm-none-eabi/11.3.1/../../../../arm-none-eabi/lib/thumb/v7e-m+fp/hard\libc_nano.a(libc_a-exit.o)
                              C:/ST/STM32CubeIDE_1.14.0/STM32CubeIDE/plugins/com.st.stm32cube.ide.mcu.externaltools.gnu-tools-for-stm32.11.3.rel1.win32_1.1.100.202309141235/tools/bin/../lib/gcc/arm-none-eabi/11.3.1/../../../../arm-none-eabi/lib/thumb/v7e-m+fp/hard/crt0.o (exit)
C:/ST/STM32CubeIDE_1.14.0/STM32CubeIDE/plugins/com.st.stm32cube.ide.mcu.externaltools.gnu-tools-for-stm32.11.3.rel1.win32_1.1.100.202309141235/tools/bin/../lib/gcc/arm-none-eabi/11.3.1/../../../../arm-none-eabi/lib/thumb/v7e-m+fp/hard\libc_nano.a(libc_a-findfp.o)
                              C:/ST/STM32CubeIDE_1.14.0/STM32CubeIDE/plugins/com.st.stm32cube.ide.mcu.externaltools.gnu-tools-for-stm32.11.3.rel1.win32_1.1.100.202309141235/tools/bin/../lib/gcc/arm-none-eabi/11.3.1/../../../../arm-none-eabi/lib/thumb/v7e-m+fp/hard\libc_nano.a(libc_a-exit.o) (__stdio_exit_handler)
C:/ST/STM32CubeIDE_1.14.0/STM32CubeIDE/plugins/com.st.stm32cube.ide.mcu.externaltools.gnu-tools-for-stm32.11.3.rel1.win32_1.1.100.202309141235/tools/bin/../lib/gcc/arm-none-eabi/11.3.1/../../../../arm-none-eabi/lib/thumb/v7e-m+fp/hard\libc_nano.a(libc_a-fwalk.o)
                              C:/ST/STM32CubeIDE_1.14.0/STM32CubeIDE/plugins/com.st.stm32cube.ide.mcu.externaltools.gnu-tools-for-stm32.11.3.rel1.win32_1.1.100.202309141235/tools/bin/../lib/gcc/arm-none-eabi/11.3.1/../../../../arm-none-eabi/lib/thumb/v7e-m+fp/hard\libc_nano.a(libc_a-findfp.o) (_fwalk_sglue)
C:/ST/STM32CubeIDE_1.14.0/STM32CubeIDE/plugins/com.st.stm32cube.ide.mcu.externaltools.gnu-tools-for-stm32.11.3.rel1.win32_1.1.100.202309141235/tools/bin/../lib/gcc/arm-none-eabi/11.3.1/../../../../arm-none-eabi/lib/thumb/v7e-m+fp/hard\libc_nano.a(libc_a-stdio.o)
                              C:/ST/STM32CubeIDE_1.14.0/STM32CubeIDE/plugins/com.st.stm32cube.ide.mcu.externaltools.gnu-tools-for-stm32.11.3.rel1.win32_1.1.100.202309141235/tools/bin/../lib/gcc/arm-none-eabi/11.3.1/../../../../arm-none-eabi/lib/thumb/v7e-m+fp/hard\libc_nano.a(libc_a-findfp.o) (__sread)
C:/ST/STM32CubeIDE_1.14.0/STM32CubeIDE/plugins/com.st.stm32cube.ide.mcu.externaltools.gnu-tools-for-stm32.11.3.rel1.win32_1.1.100.202309141235/tools/bin/../lib/gcc/arm-none-eabi/11.3.1/../../../../arm-none-eabi/lib/thumb/v7e-m+fp/hard\libc_nano.a(libc_a-memset.o)
                              C:/ST/STM32CubeIDE_1.14.0/STM32CubeIDE/plugins/com.st.stm32cube.ide.mcu.externaltools.gnu-tools-for-stm32.11.3.rel1.win32_1.1.100.202309141235/tools/bin/../lib/gcc/arm-none-eabi/11.3.1/../../../../arm-none-eabi/lib/thumb/v7e-m+fp/hard/crt0.o (memset)
C:/ST/STM32CubeIDE_1.14.0/STM32CubeIDE/plugins/com.st.stm32cube.ide.mcu.externaltools.gnu-tools-for-stm32.11.3.rel1.win32_1.1.100.202309141235/tools/bin/../lib/gcc/arm-none-eabi/11.3.1/../../../../arm-none-eabi/lib/thumb/v7e-m+fp/hard\libc_nano.a(libc_a-closer.o)
                              C:/ST/STM32CubeIDE_1.14.0/STM32CubeIDE/plugins/com.st.stm32cube.ide.mcu.externaltools.gnu-tools-for-stm32.11.3.rel1.win32_1.1.100.202309141235/tools/bin/../lib/gcc/arm-none-eabi/11.3.1/../../../../arm-none-eabi/lib/thumb/v7e-m+fp/hard\libc_nano.a(libc_a-stdio.o) (_close_r)
C:/ST/STM32CubeIDE_1.14.0/STM32CubeIDE/plugins/com.st.stm32cube.ide.mcu.externaltools.gnu-tools-for-stm32.11.3.rel1.win32_1.1.100.202309141235/tools/bin/../lib/gcc/arm-none-eabi/11.3.1/../../../../arm-none-eabi/lib/thumb/v7e-m+fp/hard\libc_nano.a(libc_a-reent.o)
                              C:/ST/STM32CubeIDE_1.14.0/STM32CubeIDE/plugins/com.st.stm32cube.ide.mcu.externaltools.gnu-tools-for-stm32.11.3.rel1.win32_1.1.100.202309141235/tools/bin/../lib/gcc/arm-none-eabi/11.3.1/../../../../arm-none-eabi/lib/thumb/v7e-m+fp/hard\libc_nano.a(libc_a-closer.o) (errno)
C:/ST/STM32CubeIDE_1.14.0/STM32CubeIDE/plugins/com.st.stm32cube.ide.mcu.externaltools.gnu-tools-for-stm32.11.3.rel1.win32_1.1.100.202309141235/tools/bin/../lib/gcc/arm-none-eabi/11.3.1/../../../../arm-none-eabi/lib/thumb/v7e-m+fp/hard\libc_nano.a(libc_a-impure.o)
                              C:/ST/STM32CubeIDE_1.14.0/STM32CubeIDE/plugins/com.st.stm32cube.ide.mcu.externaltools.gnu-tools-for-stm32.11.3.rel1.win32_1.1.100.202309141235/tools/bin/../lib/gcc/arm-none-eabi/11.3.1/../../../../arm-none-eabi/lib/thumb/v7e-m+fp/hard\libc_nano.a(libc_a-reent.o) (_impure_ptr)
C:/ST/STM32CubeIDE_1.14.0/STM32CubeIDE/plugins/com.st.stm32cube.ide.mcu.externaltools.gnu-tools-for-stm32.11.3.rel1.win32_1.1.100.202309141235/tools/bin/../lib/gcc/arm-none-eabi/11.3.1/../../../../arm-none-eabi/lib/thumb/v7e-m+fp/hard\libc_nano.a(libc_a-lseekr.o)
[...]
Memory Configuration

Name             Origin             Length             Attributes
RAM              0x0000000020000000 0x0000000000020000 xrw
FLASH            0x0000000008000000 0x0000000000080000 xr
*default*        0x0000000000000000 0xffffffffffffffff

Linker script and memory map

LOAD C:/ST/STM32CubeIDE_1.14.0/STM32CubeIDE/plugins/com.st.stm32cube.ide.mcu.externaltools.gnu-tools-for-stm32.11.3.rel1.win32_1.1.100.202309141235/tools/bin/../lib/gcc/arm-none-eabi/11.3.1/thumb/v7e-m+fp/hard/crti.o
LOAD C:/ST/STM32CubeIDE_1.14.0/STM32CubeIDE/plugins/com.st.stm32cube.ide.mcu.externaltools.gnu-tools-for-stm32.11.3.rel1.win32_1.1.100.202309141235/tools/bin/../lib/gcc/arm-none-eabi/11.3.1/thumb/v7e-m+fp/hard/crtbegin.o
LOAD C:/ST/STM32CubeIDE_1.14.0/STM32CubeIDE/plugins/com.st.stm32cube.ide.mcu.externaltools.gnu-tools-for-stm32.11.3.rel1.win32_1.1.100.202309141235/tools/bin/../lib/gcc/arm-none-eabi/11.3.1/../../../../arm-none-eabi/lib/thumb/v7e-m+fp/hard/crt0.o
LOAD ./Core/Src/Encoder.o
LOAD ./Core/Src/Motor.o
LOAD ./Core/Src/Proximity.o
LOAD ./Core/Src/Serial_comm.o
LOAD ./Core/Src/adc.o
LOAD ./Core/Src/dma.o
LOAD ./Core/Src/gpio.o
LOAD ./Core/Src/main.o
LOAD ./Core/Src/stm32f4xx_hal_msp.o
LOAD ./Core/Src/stm32f4xx_it.o
LOAD ./Core/Src/syscalls.o
LOAD ./Core/Src/sysmem.o
LOAD ./Core/Src/system_stm32f4xx.o
LOAD ./Core/Src/tim.o
LOAD ./Core/Src/usart.o
LOAD ./Core/Startup/startup_stm32f411retx.o
LOAD ./Drivers/STM32F4xx_HAL_Driver/Src/stm32f4xx_hal.o
LOAD ./Drivers/STM32F4xx_HAL_Driver/Src/stm32f4xx_hal_adc.o
LOAD ./Drivers/STM32F4xx_HAL_Driver/Src/stm32f4xx_hal_adc_ex.o
LOAD ./Drivers/STM32F4xx_HAL_Driver/Src/stm32f4xx_hal_cortex.o
LOAD ./Drivers/STM32F4xx_HAL_Driver/Src/stm32f4xx_hal_dma.o
LOAD ./Drivers/STM32F4xx_HAL_Driver/Src/stm32f4xx_hal_dma_ex.o
LOAD ./Drivers/STM32F4xx_HAL_Driver/Src/stm32f4xx_hal_exti.o
LOAD ./Drivers/STM32F4xx_HAL_Driver/Src/stm32f4xx_hal_flash.o
LOAD ./Drivers/STM32F4xx_HAL_Driver/Src/stm32f4xx_hal_flash_ex.o
LOAD ./Drivers/STM32F4xx_HAL_Driver/Src/stm32f4xx_hal_flash_ramfunc.o
LOAD ./Drivers/STM32F4xx_HAL_Driver/Src/stm32f4xx_hal_gpio.o
LOAD ./Drivers/STM32F4xx_HAL_Driver/Src/stm32f4xx_hal_pwr.o
LOAD ./Drivers/STM32F4xx_HAL_Driver/Src/stm32f4xx_hal_pwr_ex.o
LOAD ./Drivers/STM32F4xx_HAL_Driver/Src/stm32f4xx_hal_rcc.o
LOAD ./Drivers/STM32F4xx_HAL_Driver/Src/stm32f4xx_hal_rcc_ex.o
LOAD ./Drivers/STM32F4xx_HAL_Driver/Src/stm32f4xx_hal_tim.o
LOAD ./Drivers/STM32F4xx_HAL_Driver/Src/stm32f4xx_hal_tim_ex.o
LOAD ./Drivers/STM32F4xx_HAL_Driver/Src/stm32f4xx_hal_uart.o
LOAD ./Drivers/STM32F4xx_HAL_Driver/Src/stm32f4xx_ll_adc.o
START GROUP
LOAD C:/ST/STM32CubeIDE_1.14.0/STM32CubeIDE/plugins/com.st.stm32cube.ide.mcu.externaltools.gnu-tools-for-stm32.11.3.rel1.win32_1.1.100.202309141235/tools/bin/../lib/gcc/arm-none-eabi/11.3.1/../../../../arm-none-eabi/lib/thumb/v7e-m+fp/hard\libc_nano.a
LOAD C:/ST/STM32CubeIDE_1.14.0/STM32CubeIDE/plugins/com.st.stm32cube.ide.mcu.externaltools.gnu-tools-for-stm32.11.3.rel1.win32_1.1.100.202309141235/tools/bin/../lib/gcc/arm-none-eabi/11.3.1/../../../../arm-none-eabi/lib/thumb/v7e-m+fp/hard\libm.a
END GROUP
START GROUP
LOAD C:/ST/STM32CubeIDE_1.14.0/STM32CubeIDE/plugins/com.st.stm32cube.ide.mcu.externaltools.gnu-tools-for-stm32.11.3.rel1.win32_1.1.100.202309141235/tools/bin/../lib/gcc/arm-none-eabi/11.3.1/thumb/v7e-m+fp/hard\libgcc.a
LOAD C:/ST/STM32CubeIDE_1.14.0/STM32CubeIDE/plugins/com.st.stm32cube.ide.mcu.externaltools.gnu-tools-for-stm32.11.3.rel1.win32_1.1.100.202309141235/tools/bin/../lib/gcc/arm-none-eabi/11.3.1/../../../../arm-none-eabi/lib/thumb/v7e-m+fp/hard\libc_nano.a
END GROUP
START GROUP
LOAD C:/ST/STM32CubeIDE_1.14.0/STM32CubeIDE/plugins/com.st.stm32cube.ide.mcu.externaltools.gnu-tools-for-stm32.11.3.rel1.win32_1.1.100.202309141235/tools/bin/../lib/gcc/arm-none-eabi/11.3.1/thumb/v7e-m+fp/hard\libgcc.a
LOAD C:/ST/STM32CubeIDE_1.14.0/STM32CubeIDE/plugins/com.st.stm32cube.ide.mcu.externaltools.gnu-tools-for-stm32.11.3.rel1.win32_1.1.100.202309141235/tools/bin/../lib/gcc/arm-none-eabi/11.3.1/../../../../arm-none-eabi/lib/thumb/v7e-m+fp/hard\libc_nano.a
LOAD C:/ST/STM32CubeIDE_1.14.0/STM32CubeIDE/plugins/com.st.stm32cube.ide.mcu.externaltools.gnu-tools-for-stm32.11.3.rel1.win32_1.1.100.202309141235/tools/bin/../lib/gcc/arm-none-eabi/11.3.1/../../../../arm-none-eabi/lib/thumb/v7e-m+fp/hard\libnosys.a
END GROUP
START GROUP
LOAD C:/ST/STM32CubeIDE_1.14.0/STM32CubeIDE/plugins/com.st.stm32cube.ide.mcu.externaltools.gnu-tools-for-stm32.11.3.rel1.win32_1.1.100.202309141235/tools/bin/../lib/gcc/arm-none-eabi/11.3.1/thumb/v7e-m+fp/hard\libgcc.a
LOAD C:/ST/STM32CubeIDE_1.14.0/STM32CubeIDE/plugins/com.st.stm32cube.ide.mcu.externaltools.gnu-tools-for-stm32.11.3.rel1.win32_1.1.100.202309141235/tools/bin/../lib/gcc/arm-none-eabi/11.3.1/../../../../arm-none-eabi/lib/thumb/v7e-m+fp/hard\libc_nano.a
LOAD C:/ST/STM32CubeIDE_1.14.0/STM32CubeIDE/plugins/com.st.stm32cube.ide.mcu.externaltools.gnu-tools-for-stm32.11.3.rel1.win32_1.1.100.202309141235/tools/bin/../lib/gcc/arm-none-eabi/11.3.1/../../../../arm-none-eabi/lib/thumb/v7e-m+fp/hard\libnosys.a
END GROUP
LOAD C:/ST/STM32CubeIDE_1.14.0/STM32CubeIDE/plugins/com.st.stm32cube.ide.mcu.externaltools.gnu-tools-for-stm32.11.3.rel1.win32_1.1.100.202309141235/tools/bin/../lib/gcc/arm-none-eabi/11.3.1/thumb/v7e-m+fp/hard/crtend.o
LOAD C:/ST/STM32CubeIDE_1.14.0/STM32CubeIDE/plugins/com.st.stm32cube.ide.mcu.externaltools.gnu-tools-for-stm32.11.3.rel1.win32_1.1.100.202309141235/tools/bin/../lib/gcc/arm-none-eabi/11.3.1/thumb/v7e-m+fp/hard/crtn.o
                0x0000000020020000                _estack = (ORIGIN (RAM) + LENGTH (RAM))
                0x0000000000000200                _Min_Heap_Size = 0x200
                0x0000000000000400                _Min_Stack_Size = 0x400

.isr_vector     0x0000000008000000      0x198
                0x0000000008000000                . = ALIGN (0x4)
 *(.isr_vector)
 .isr_vector    0x0000000008000000      0x198 ./Core/Startup/startup_stm32f411retx.o
                0x0000000008000000                g_pfnVectors
                0x0000000008000198                . = ALIGN (0x4)

.text           0x0000000008000198     0x54d0
                0x0000000008000198                . = ALIGN (0x4)
 *(.text)
 .text          0x0000000008000198       0x40 C:/ST/STM32CubeIDE_1.14.0/STM32CubeIDE/plugins/com.st.stm32cube.ide.mcu.externaltools.gnu-tools-for-stm32.11.3.rel1.win32_1.1.100.202309141235/tools/bin/../lib/gcc/arm-none-eabi/11.3.1/thumb/v7e-m+fp/hard/crtbegin.o
 .text          0x00000000080001d8       0x30 C:/ST/STM32CubeIDE_1.14.0/STM32CubeIDE/plugins/com.st.stm32cube.ide.mcu.externaltools.gnu-tools-for-stm32.11.3.rel1.win32_1.1.100.202309141235/tools/bin/../lib/gcc/arm-none-eabi/11.3.1/thumb/v7e-m+fp/hard\libgcc.a(_aeabi_uldivmod.o)
                0x00000000080001d8                __aeabi_uldivmod
 .text          0x0000000008000208      0x2c8 C:/ST/STM32CubeIDE_1.14.0/STM32CubeIDE/plugins/com.st.stm32cube.ide.mcu.externaltools.gnu-tools-for-stm32.11.3.rel1.win32_1.1.100.202309141235/tools/bin/../lib/gcc/arm-none-eabi/11.3.1/thumb/v7e-m+fp/hard\libgcc.a(_udivmoddi4.o)
                0x0000000008000208                __udivmoddi4
 .text          0x00000000080004d0        0x4 C:/ST/STM32CubeIDE_1.14.0/STM32CubeIDE/plugins/com.st.stm32cube.ide.mcu.externaltools.gnu-tools-for-stm32.11.3.rel1.win32_1.1.100.202309141235/tools/bin/../lib/gcc/arm-none-eabi/11.3.1/thumb/v7e-m+fp/hard\libgcc.a(_dvmd_tls.o)
                0x00000000080004d0                __aeabi_idiv0
                0x00000000080004d0                __aeabi_ldiv0
 *(.text*)
 .text.Encoder_init
                0x00000000080004d4       0x4a ./Core/Src/Encoder.o
                0x00000000080004d4                Encoder_init
 .text.Encoder_getFeedback
                0x000000000800051e       0x46 ./Core/Src/Encoder.o
                0x000000000800051e                Encoder_getFeedback
 .text.Pole_pulse2degree
                0x0000000008000564       0x76 ./Core/Src/Encoder.o
                0x0000000008000564                Pole_pulse2degree
 .text.Motor_init
                0x00000000080005da       0x30 ./Core/Src/Motor.o
                0x00000000080005da                Motor_init
 .text.Motor_setPWM
                0x000000000800060a       0x1e ./Core/Src/Motor.o
                0x000000000800060a                Motor_setPWM
 .text.Motor_setDir
                0x0000000008000628       0x1e ./Core/Src/Motor.o
                0x0000000008000628                Motor_setDir
 *fill*         0x0000000008000646        0x2 
 .text.Motor_run
                0x0000000008000648       0x68 ./Core/Src/Motor.o
                0x0000000008000648                Motor_run
 .text.Proximity_init
                0x00000000080006b0       0x20 ./Core/Src/Proximity.o
                0x00000000080006b0                Proximity_init
 .text.MX_ADC1_Init
                0x00000000080006d0       0xa4 ./Core/Src/adc.o
                0x00000000080006d0                MX_ADC1_Init
 .text.HAL_ADC_MspInit
                0x0000000008000774       0xf0 ./Core/Src/adc.o
                0x0000000008000774                HAL_ADC_MspInit
 .text.MX_DMA_Init
                0x0000000008000864       0x7c ./Core/Src/dma.o
                0x0000000008000864                MX_DMA_Init
 .text.MX_GPIO_Init
                0x00000000080008e0      0x134 ./Core/Src/gpio.o
                0x00000000080008e0                MX_GPIO_Init
 .text.main     0x0000000008000a14       0xd4 ./Core/Src/main.o
                0x0000000008000a14                main
 .text.SystemClock_Config
                0x0000000008000ae8       0xd0 ./Core/Src/main.o
                0x0000000008000ae8                SystemClock_Config
 .text.ToSimulink
                0x0000000008000bb8       0x9c ./Core/Src/main.o
                0x0000000008000bb8                ToSimulink
 .text.HAL_UART_RxCpltCallback
                0x0000000008000c54       0x6c ./Core/Src/main.o
                0x0000000008000c54                HAL_UART_RxCpltCallback
 .text.HAL_GPIO_EXTI_Callback
                0x0000000008000cc0       0x48 ./Core/Src/main.o
                0x0000000008000cc0                HAL_GPIO_EXTI_Callback
 .text.Error_Handler
                0x0000000008000d08        0xa ./Core/Src/main.o
                0x0000000008000d08                Error_Handler
 *fill*         0x0000000008000d12        0x2 
 .text.HAL_MspInit
                0x0000000008000d14       0x50 ./Core/Src/stm32f4xx_hal_msp.o
                0x0000000008000d14                HAL_MspInit
 .text.NMI_Handler
                0x0000000008000d64        0x6 ./Core/Src/stm32f4xx_it.o
                0x0000000008000d64                NMI_Handler
 .text.HardFault_Handler
                0x0000000008000d6a        0x6 ./Core/Src/stm32f4xx_it.o
                0x0000000008000d6a                HardFault_Handler
 .text.MemManage_Handler
                0x0000000008000d70        0x6 ./Core/Src/stm32f4xx_it.o
                0x0000000008000d70                MemManage_Handler
 .text.BusFault_Handler
                0x0000000008000d76        0x6 ./Core/Src/stm32f4xx_it.o
                0x0000000008000d76                BusFault_Handler
 .text.UsageFault_Handler
                0x0000000008000d7c        0x6 ./Core/Src/stm32f4xx_it.o
                0x0000000008000d7c                UsageFault_Handler
 .text.SVC_Handler
                0x0000000008000d82        0xe ./Core/Src/stm32f4xx_it.o
                0x0000000008000d82                SVC_Handler
 .text.DebugMon_Handler
                0x0000000008000d90        0xe ./Core/Src/stm32f4xx_it.o
                0x0000000008000d90                DebugMon_Handler
 .text.PendSV_Handler
                0x0000000008000d9e        0xe ./Core/Src/stm32f4xx_it.o
                0x0000000008000d9e                PendSV_Handler
 .text.SysTick_Handler
                0x0000000008000dac        0xc ./Core/Src/stm32f4xx_it.o
                0x0000000008000dac                SysTick_Handler
 .text.DMA1_Stream5_IRQHandler
                0x0000000008000db8       0x14 ./Core/Src/stm32f4xx_it.o
                0x0000000008000db8                DMA1_Stream5_IRQHandler
 .text.DMA1_Stream6_IRQHandler
                0x0000000008000dcc       0x14 ./Core/Src/stm32f4xx_it.o
                0x0000000008000dcc                DMA1_Stream6_IRQHandler
 .text.TIM2_IRQHandler
                0x0000000008000de0       0x14 ./Core/Src/stm32f4xx_it.o
                0x0000000008000de0                TIM2_IRQHandler
 .text.TIM3_IRQHandler
                0x0000000008000df4       0x14 ./Core/Src/stm32f4xx_it.o
                0x0000000008000df4                TIM3_IRQHandler
 .text.USART2_IRQHandler
                0x0000000008000e08       0x14 ./Core/Src/stm32f4xx_it.o
                0x0000000008000e08                USART2_IRQHandler
 .text.EXTI15_10_IRQHandler
                0x0000000008000e1c       0x20 ./Core/Src/stm32f4xx_it.o
                0x0000000008000e1c                EXTI15_10_IRQHandler
 .text.DMA2_Stream0_IRQHandler
                0x0000000008000e3c       0x14 ./Core/Src/stm32f4xx_it.o
                0x0000000008000e3c                DMA2_Stream0_IRQHandler
 .text.SystemInit
                0x0000000008000e50       0x24 ./Core/Src/system_stm32f4xx.o
                0x0000000008000e50                SystemInit
 .text.MX_TIM1_Init
                0x0000000008000e74       0xb0 ./Core/Src/tim.o
                0x0000000008000e74                MX_TIM1_Init
 .text.MX_TIM2_Init
                0x0000000008000f24       0xa8 ./Core/Src/tim.o
                0x0000000008000f24                MX_TIM2_Init
 .text.MX_TIM3_Init
                0x0000000008000fcc       0xec ./Core/Src/tim.o
                0x0000000008000fcc                MX_TIM3_Init
 .text.HAL_TIM_Encoder_MspInit
                0x00000000080010b8      0x104 ./Core/Src/tim.o
                0x00000000080010b8                HAL_TIM_Encoder_MspInit
 .text.HAL_TIM_Base_MspInit
                0x00000000080011bc       0x50 ./Core/Src/tim.o
                0x00000000080011bc                HAL_TIM_Base_MspInit
 .text.HAL_TIM_MspPostInit
                0x000000000800120c       0x74 ./Core/Src/tim.o
                0x000000000800120c                HAL_TIM_MspPostInit
 .text.MX_USART2_UART_Init
                0x0000000008001280       0x54 ./Core/Src/usart.o
                0x0000000008001280                MX_USART2_UART_Init
 .text.HAL_UART_MspInit
                0x00000000080012d4      0x16c ./Core/Src/usart.o
                0x00000000080012d4                HAL_UART_MspInit
 .text.Reset_Handler
                0x0000000008001440       0x50 ./Core/Startup/startup_stm32f411retx.o
                0x0000000008001440                Reset_Handler
 .text.Default_Handler
                0x0000000008001490        0x2 ./Core/Startup/startup_stm32f411retx.o
                0x0000000008001490                RTC_Alarm_IRQHandler
                0x0000000008001490                EXTI2_IRQHandler
                0x0000000008001490                SPI4_IRQHandler
                0x0000000008001490                TIM1_CC_IRQHandler
                0x0000000008001490                DMA2_Stream5_IRQHandler
                0x0000000008001490                PVD_IRQHandler
                0x0000000008001490                SDIO_IRQHandler
                0x0000000008001490                TAMP_STAMP_IRQHandler
                0x0000000008001490                EXTI3_IRQHandler
                0x0000000008001490                TIM1_UP_TIM10_IRQHandler
                0x0000000008001490                I2C3_ER_IRQHandler
                0x0000000008001490                EXTI0_IRQHandler
                0x0000000008001490                I2C2_EV_IRQHandler
                0x0000000008001490                DMA1_Stream2_IRQHandler
                0x0000000008001490                FPU_IRQHandler
                0x0000000008001490                DMA2_Stream2_IRQHandler
                0x0000000008001490                SPI1_IRQHandler
                0x0000000008001490                TIM1_BRK_TIM9_IRQHandler
                0x0000000008001490                DMA2_Stream3_IRQHandler
                0x0000000008001490                USART6_IRQHandler
                0x0000000008001490                TIM4_IRQHandler
                0x0000000008001490                I2C1_EV_IRQHandler
                0x0000000008001490                DMA1_Stream1_IRQHandler
                0x0000000008001490                RCC_IRQHandler
                0x0000000008001490                Default_Handler
                0x0000000008001490                ADC_IRQHandler
                0x0000000008001490                DMA1_Stream7_IRQHandler
                0x0000000008001490                SPI5_IRQHandler
                0x0000000008001490                TIM5_IRQHandler
                0x0000000008001490                DMA2_Stream7_IRQHandler
                0x0000000008001490                I2C3_EV_IRQHandler
                0x0000000008001490                EXTI9_5_IRQHandler
                0x0000000008001490                RTC_WKUP_IRQHandler
                0x0000000008001490                SPI2_IRQHandler
                0x0000000008001490                DMA1_Stream0_IRQHandler
                0x0000000008001490                EXTI4_IRQHandler
                0x0000000008001490                WWDG_IRQHandler
                0x0000000008001490                OTG_FS_WKUP_IRQHandler
                0x0000000008001490                TIM1_TRG_COM_TIM11_IRQHandler
                0x0000000008001490                EXTI1_IRQHandler
                0x0000000008001490                I2C2_ER_IRQHandler
                0x0000000008001490                DMA2_Stream1_IRQHandler
                0x0000000008001490                FLASH_IRQHandler
                0x0000000008001490                DMA2_Stream4_IRQHandler
                0x0000000008001490                USART1_IRQHandler
                0x0000000008001490                OTG_FS_IRQHandler
                0x0000000008001490                SPI3_IRQHandler
                0x0000000008001490                DMA1_Stream4_IRQHandler
                0x0000000008001490                I2C1_ER_IRQHandler
                0x0000000008001490                DMA2_Stream6_IRQHandler
                0x0000000008001490                DMA1_Stream3_IRQHandler
 *fill*         0x0000000008001492        0x2 
 .text.HAL_Init
                0x0000000008001494       0x44 ./Drivers/STM32F4xx_HAL_Driver/Src/stm32f4xx_hal.o
                0x0000000008001494                HAL_Init
 .text.HAL_InitTick
                0x00000000080014d8       0x60 ./Drivers/STM32F4xx_HAL_Driver/Src/stm32f4xx_hal.o
                0x00000000080014d8                HAL_InitTick
 .text.HAL_IncTick
                0x0000000008001538       0x28 ./Drivers/STM32F4xx_HAL_Driver/Src/stm32f4xx_hal.o
                0x0000000008001538                HAL_IncTick
 .text.HAL_GetTick
                0x0000000008001560       0x18 ./Drivers/STM32F4xx_HAL_Driver/Src/stm32f4xx_hal.o
                0x0000000008001560                HAL_GetTick
 .text.HAL_ADC_Init
                0x0000000008001578       0x86 ./Drivers/STM32F4xx_HAL_Driver/Src/stm32f4xx_hal_adc.o
                0x0000000008001578                HAL_ADC_Init
 *fill*         0x00000000080015fe        0x2 
 .text.HAL_ADC_ConfigChannel
                0x0000000008001600      0x264 ./Drivers/STM32F4xx_HAL_Driver/Src/stm32f4xx_hal_adc.o
                0x0000000008001600                HAL_ADC_ConfigChannel
 .text.ADC_Init
                0x0000000008001864      0x1f8 ./Drivers/STM32F4xx_HAL_Driver/Src/stm32f4xx_hal_adc.o
 .text.__NVIC_SetPriorityGrouping
                0x0000000008001a5c       0x48 ./Drivers/STM32F4xx_HAL_Driver/Src/stm32f4xx_hal_cortex.o
 .text.__NVIC_GetPriorityGrouping
                0x0000000008001aa4       0x1c ./Drivers/STM32F4xx_HAL_Driver/Src/stm32f4xx_hal_cortex.o
 .text.__NVIC_EnableIRQ
                0x0000000008001ac0       0x3c ./Drivers/STM32F4xx_HAL_Driver/Src/stm32f4xx_hal_cortex.o
 .text.__NVIC_SetPriority
                0x0000000008001afc       0x54 ./Drivers/STM32F4xx_HAL_Driver/Src/stm32f4xx_hal_cortex.o
 .text.NVIC_EncodePriority
                0x0000000008001b50       0x66 ./Drivers/STM32F4xx_HAL_Driver/Src/stm32f4xx_hal_cortex.o
 *fill*         0x0000000008001bb6        0x2 
 .text.SysTick_Config
                0x0000000008001bb8       0x44 ./Drivers/STM32F4xx_HAL_Driver/Src/stm32f4xx_hal_cortex.o
 .text.HAL_NVIC_SetPriorityGrouping
                0x0000000008001bfc       0x16 ./Drivers/STM32F4xx_HAL_Driver/Src/stm32f4xx_hal_cortex.o
                0x0000000008001bfc                HAL_NVIC_SetPriorityGrouping
 .text.HAL_NVIC_SetPriority
                0x0000000008001c12       0x38 ./Drivers/STM32F4xx_HAL_Driver/Src/stm32f4xx_hal_cortex.o
                0x0000000008001c12                HAL_NVIC_SetPriority
 .text.HAL_NVIC_EnableIRQ
                0x0000000008001c4a       0x1c ./Drivers/STM32F4xx_HAL_Driver/Src/stm32f4xx_hal_cortex.o
                0x0000000008001c4a                HAL_NVIC_EnableIRQ
 .text.HAL_SYSTICK_Config
                0x0000000008001c66       0x18 ./Drivers/STM32F4xx_HAL_Driver/Src/stm32f4xx_hal_cortex.o
                0x0000000008001c66                HAL_SYSTICK_Config
 *fill*         0x0000000008001c7e        0x2 
 .text.HAL_DMA_Init
                0x0000000008001c80      0x15c ./Drivers/STM32F4xx_HAL_Driver/Src/stm32f4xx_hal_dma.o
                0x0000000008001c80                HAL_DMA_Init
 .text.HAL_DMA_Start_IT
                0x0000000008001ddc       0xb0 ./Drivers/STM32F4xx_HAL_Driver/Src/stm32f4xx_hal_dma.o
                0x0000000008001ddc                HAL_DMA_Start_IT
 .text.HAL_DMA_Abort
                0x0000000008001e8c       0xe0 ./Drivers/STM32F4xx_HAL_Driver/Src/stm32f4xx_hal_dma.o
                0x0000000008001e8c                HAL_DMA_Abort
 .text.HAL_DMA_Abort_IT
                0x0000000008001f6c       0x44 ./Drivers/STM32F4xx_HAL_Driver/Src/stm32f4xx_hal_dma.o
                0x0000000008001f6c                HAL_DMA_Abort_IT
 .text.HAL_DMA_IRQHandler
                0x0000000008001fb0      0x314 ./Drivers/STM32F4xx_HAL_Driver/Src/stm32f4xx_hal_dma.o
                0x0000000008001fb0                HAL_DMA_IRQHandler
 .text.DMA_SetConfig
                0x00000000080022c4       0x5c ./Drivers/STM32F4xx_HAL_Driver/Src/stm32f4xx_hal_dma.o
 .text.DMA_CalcBaseAndBitshift
                0x0000000008002320       0x6c ./Drivers/STM32F4xx_HAL_Driver/Src/stm32f4xx_hal_dma.o
 .text.DMA_CheckFifoParam
                0x000000000800238c       0xf8 ./Drivers/STM32F4xx_HAL_Driver/Src/stm32f4xx_hal_dma.o
 .text.HAL_GPIO_Init
                0x0000000008002484      0x308 ./Drivers/STM32F4xx_HAL_Driver/Src/stm32f4xx_hal_gpio.o
                0x0000000008002484                HAL_GPIO_Init
 .text.HAL_GPIO_WritePin
                0x000000000800278c       0x32 ./Drivers/STM32F4xx_HAL_Driver/Src/stm32f4xx_hal_gpio.o
                0x000000000800278c                HAL_GPIO_WritePin
 *fill*         0x00000000080027be        0x2 
 .text.HAL_GPIO_EXTI_IRQHandler
                0x00000000080027c0       0x30 ./Drivers/STM32F4xx_HAL_Driver/Src/stm32f4xx_hal_gpio.o
                0x00000000080027c0                HAL_GPIO_EXTI_IRQHandler
 .text.HAL_RCC_OscConfig
                0x00000000080027f0      0x4f0 ./Drivers/STM32F4xx_HAL_Driver/Src/stm32f4xx_hal_rcc.o
                0x00000000080027f0                HAL_RCC_OscConfig
 .text.HAL_RCC_ClockConfig
                0x0000000008002ce0      0x1cc ./Drivers/STM32F4xx_HAL_Driver/Src/stm32f4xx_hal_rcc.o
                0x0000000008002ce0                HAL_RCC_ClockConfig
 .text.HAL_RCC_GetSysClockFreq
                0x0000000008002eac      0x20c ./Drivers/STM32F4xx_HAL_Driver/Src/stm32f4xx_hal_rcc.o
                0x0000000008002eac                HAL_RCC_GetSysClockFreq
 .text.HAL_RCC_GetHCLKFreq
                0x00000000080030b8       0x18 ./Drivers/STM32F4xx_HAL_Driver/Src/stm32f4xx_hal_rcc.o
                0x00000000080030b8                HAL_RCC_GetHCLKFreq
 .text.HAL_RCC_GetPCLK1Freq
                0x00000000080030d0       0x28 ./Drivers/STM32F4xx_HAL_Driver/Src/stm32f4xx_hal_rcc.o
                0x00000000080030d0                HAL_RCC_GetPCLK1Freq
 .text.HAL_RCC_GetPCLK2Freq
                0x00000000080030f8       0x28 ./Drivers/STM32F4xx_HAL_Driver/Src/stm32f4xx_hal_rcc.o
                0x00000000080030f8                HAL_RCC_GetPCLK2Freq
 .text.HAL_TIM_Base_Init
                0x0000000008003120       0x9e ./Drivers/STM32F4xx_HAL_Driver/Src/stm32f4xx_hal_tim.o
                0x0000000008003120                HAL_TIM_Base_Init
 .text.HAL_TIM_PWM_Init
                0x00000000080031be       0x9e ./Drivers/STM32F4xx_HAL_Driver/Src/stm32f4xx_hal_tim.o
                0x00000000080031be                HAL_TIM_PWM_Init
 .text.HAL_TIM_PWM_MspInit
                0x000000000800325c       0x14 ./Drivers/STM32F4xx_HAL_Driver/Src/stm32f4xx_hal_tim.o
                0x000000000800325c                HAL_TIM_PWM_MspInit
 .text.HAL_TIM_PWM_Start
                0x0000000008003270      0x160 ./Drivers/STM32F4xx_HAL_Driver/Src/stm32f4xx_hal_tim.o
                0x0000000008003270                HAL_TIM_PWM_Start
 .text.HAL_TIM_Encoder_Init
                0x00000000080033d0      0x14c ./Drivers/STM32F4xx_HAL_Driver/Src/stm32f4xx_hal_tim.o
                0x00000000080033d0                HAL_TIM_Encoder_Init
 .text.HAL_TIM_Encoder_Start
                0x000000000800351c      0x11c ./Drivers/STM32F4xx_HAL_Driver/Src/stm32f4xx_hal_tim.o
                0x000000000800351c                HAL_TIM_Encoder_Start
 .text.HAL_TIM_IRQHandler
                0x0000000008003638      0x1e0 ./Drivers/STM32F4xx_HAL_Driver/Src/stm32f4xx_hal_tim.o
                0x0000000008003638                HAL_TIM_IRQHandler
 .text.HAL_TIM_PWM_ConfigChannel
                0x0000000008003818      0x184 ./Drivers/STM32F4xx_HAL_Driver/Src/stm32f4xx_hal_tim.o
                0x0000000008003818                HAL_TIM_PWM_ConfigChannel
 .text.HAL_TIM_ConfigClockSource
                0x000000000800399c      0x18e ./Drivers/STM32F4xx_HAL_Driver/Src/stm32f4xx_hal_tim.o
                0x000000000800399c                HAL_TIM_ConfigClockSource
 .text.HAL_TIM_PeriodElapsedCallback
                0x0000000008003b2a       0x14 ./Drivers/STM32F4xx_HAL_Driver/Src/stm32f4xx_hal_tim.o
                0x0000000008003b2a                HAL_TIM_PeriodElapsedCallback
 .text.HAL_TIM_OC_DelayElapsedCallback
                0x0000000008003b3e       0x14 ./Drivers/STM32F4xx_HAL_Driver/Src/stm32f4xx_hal_tim.o
                0x0000000008003b3e                HAL_TIM_OC_DelayElapsedCallback
 .text.HAL_TIM_IC_CaptureCallback
                0x0000000008003b52       0x14 ./Drivers/STM32F4xx_HAL_Driver/Src/stm32f4xx_hal_tim.o
                0x0000000008003b52                HAL_TIM_IC_CaptureCallback
 .text.HAL_TIM_PWM_PulseFinishedCallback
                0x0000000008003b66       0x14 ./Drivers/STM32F4xx_HAL_Driver/Src/stm32f4xx_hal_tim.o
                0x0000000008003b66                HAL_TIM_PWM_PulseFinishedCallback
 .text.HAL_TIM_TriggerCallback
                0x0000000008003b7a       0x14 ./Drivers/STM32F4xx_HAL_Driver/Src/stm32f4xx_hal_tim.o
                0x0000000008003b7a                HAL_TIM_TriggerCallback
 *fill*         0x0000000008003b8e        0x2 
 .text.TIM_Base_SetConfig
                0x0000000008003b90      0x118 ./Drivers/STM32F4xx_HAL_Driver/Src/stm32f4xx_hal_tim.o
                0x0000000008003b90                TIM_Base_SetConfig
 .text.TIM_OC1_SetConfig
                0x0000000008003ca8       0xcc ./Drivers/STM32F4xx_HAL_Driver/Src/stm32f4xx_hal_tim.o
 .text.TIM_OC2_SetConfig
                0x0000000008003d74       0xd8 ./Drivers/STM32F4xx_HAL_Driver/Src/stm32f4xx_hal_tim.o
                0x0000000008003d74                TIM_OC2_SetConfig
 .text.TIM_OC3_SetConfig
                0x0000000008003e4c       0xd4 ./Drivers/STM32F4xx_HAL_Driver/Src/stm32f4xx_hal_tim.o
 .text.TIM_OC4_SetConfig
                0x0000000008003f20       0xa0 ./Drivers/STM32F4xx_HAL_Driver/Src/stm32f4xx_hal_tim.o
 .text.TIM_TI1_ConfigInputStage
                0x0000000008003fc0       0x5e ./Drivers/STM32F4xx_HAL_Driver/Src/stm32f4xx_hal_tim.o
 .text.TIM_TI2_ConfigInputStage
                0x000000000800401e       0x60 ./Drivers/STM32F4xx_HAL_Driver/Src/stm32f4xx_hal_tim.o
 .text.TIM_ITRx_SetConfig
                0x000000000800407e       0x36 ./Drivers/STM32F4xx_HAL_Driver/Src/stm32f4xx_hal_tim.o
 .text.TIM_ETR_SetConfig
                0x00000000080040b4       0x40 ./Drivers/STM32F4xx_HAL_Driver/Src/stm32f4xx_hal_tim.o
                0x00000000080040b4                TIM_ETR_SetConfig
 .text.TIM_CCxChannelCmd
                0x00000000080040f4       0x4a ./Drivers/STM32F4xx_HAL_Driver/Src/stm32f4xx_hal_tim.o
                0x00000000080040f4                TIM_CCxChannelCmd
 *fill*         0x000000000800413e        0x2 
 .text.HAL_TIMEx_MasterConfigSynchronization
                0x0000000008004140       0xdc ./Drivers/STM32F4xx_HAL_Driver/Src/stm32f4xx_hal_tim_ex.o
                0x0000000008004140                HAL_TIMEx_MasterConfigSynchronization
 .text.HAL_TIMEx_CommutCallback
                0x000000000800421c       0x14 ./Drivers/STM32F4xx_HAL_Driver/Src/stm32f4xx_hal_tim_ex.o
                0x000000000800421c                HAL_TIMEx_CommutCallback
 .text.HAL_TIMEx_BreakCallback
                0x0000000008004230       0x14 ./Drivers/STM32F4xx_HAL_Driver/Src/stm32f4xx_hal_tim_ex.o
                0x0000000008004230                HAL_TIMEx_BreakCallback
 .text.HAL_UART_Init
                0x0000000008004244       0xa0 ./Drivers/STM32F4xx_HAL_Driver/Src/stm32f4xx_hal_uart.o
                0x0000000008004244                HAL_UART_Init
 .text.HAL_UART_Transmit_DMA
                0x00000000080042e4       0xe0 ./Drivers/STM32F4xx_HAL_Driver/Src/stm32f4xx_hal_uart.o
                0x00000000080042e4                HAL_UART_Transmit_DMA
 .text.HAL_UART_Receive_DMA
                0x00000000080043c4       0x4a ./Drivers/STM32F4xx_HAL_Driver/Src/stm32f4xx_hal_uart.o
                0x00000000080043c4                HAL_UART_Receive_DMA
 *fill*         0x000000000800440e        0x2 
 .text.HAL_UART_IRQHandler
                0x0000000008004410      0x524 ./Drivers/STM32F4xx_HAL_Driver/Src/stm32f4xx_hal_uart.o
                0x0000000008004410                HAL_UART_IRQHandler
 .text.HAL_UART_TxCpltCallback
                0x0000000008004934       0x14 ./Drivers/STM32F4xx_HAL_Driver/Src/stm32f4xx_hal_uart.o
                0x0000000008004934                HAL_UART_TxCpltCallback
 .text.HAL_UART_TxHalfCpltCallback
                0x0000000008004948       0x14 ./Drivers/STM32F4xx_HAL_Driver/Src/stm32f4xx_hal_uart.o
                0x0000000008004948                HAL_UART_TxHalfCpltCallback
 .text.HAL_UART_RxHalfCpltCallback
                0x000000000800495c       0x14 ./Drivers/STM32F4xx_HAL_Driver/Src/stm32f4xx_hal_uart.o
                0x000000000800495c                HAL_UART_RxHalfCpltCallback
 .text.HAL_UART_ErrorCallback
                0x0000000008004970       0x14 ./Drivers/STM32F4xx_HAL_Driver/Src/stm32f4xx_hal_uart.o
                0x0000000008004970                HAL_UART_ErrorCallback
 .text.HAL_UARTEx_RxEventCallback
                0x0000000008004984       0x18 ./Drivers/STM32F4xx_HAL_Driver/Src/stm32f4xx_hal_uart.o
                0x0000000008004984                HAL_UARTEx_RxEventCallback
 .text.UART_DMATransmitCplt
                0x000000000800499c       0x9a ./Drivers/STM32F4xx_HAL_Driver/Src/stm32f4xx_hal_uart.o
 .text.UART_DMATxHalfCplt
                0x0000000008004a36       0x1c ./Drivers/STM32F4xx_HAL_Driver/Src/stm32f4xx_hal_uart.o
 .text.UART_DMAReceiveCplt
                0x0000000008004a52      0x12c ./Drivers/STM32F4xx_HAL_Driver/Src/stm32f4xx_hal_uart.o
 .text.UART_DMARxHalfCplt
                0x0000000008004b7e       0x3c ./Drivers/STM32F4xx_HAL_Driver/Src/stm32f4xx_hal_uart.o
 .text.UART_DMAError
                0x0000000008004bba       0x94 ./Drivers/STM32F4xx_HAL_Driver/Src/stm32f4xx_hal_uart.o
 *fill*         0x0000000008004c4e        0x2 
 .text.UART_Start_Receive_DMA
                0x0000000008004c50      0x134 ./Drivers/STM32F4xx_HAL_Driver/Src/stm32f4xx_hal_uart.o
                0x0000000008004c50                UART_Start_Receive_DMA
 .text.UART_EndTxTransfer
                0x0000000008004d84       0x50 ./Drivers/STM32F4xx_HAL_Driver/Src/stm32f4xx_hal_uart.o
 .text.UART_EndRxTransfer
                0x0000000008004dd4       0xc6 ./Drivers/STM32F4xx_HAL_Driver/Src/stm32f4xx_hal_uart.o
 .text.UART_DMAAbortOnError
                0x0000000008004e9a       0x28 ./Drivers/STM32F4xx_HAL_Driver/Src/stm32f4xx_hal_uart.o
 .text.UART_Transmit_IT
                0x0000000008004ec2       0xa0 ./Drivers/STM32F4xx_HAL_Driver/Src/stm32f4xx_hal_uart.o
 .text.UART_EndTransmit_IT
                0x0000000008004f62       0x30 ./Drivers/STM32F4xx_HAL_Driver/Src/stm32f4xx_hal_uart.o
 .text.UART_Receive_IT
                0x0000000008004f92      0x17c ./Drivers/STM32F4xx_HAL_Driver/Src/stm32f4xx_hal_uart.o
 *fill*         0x000000000800510e        0x2 
 .text.UART_SetConfig
                0x0000000008005110      0x4e8 ./Drivers/STM32F4xx_HAL_Driver/Src/stm32f4xx_hal_uart.o
 .text.memset   0x00000000080055f8       0x10 C:/ST/STM32CubeIDE_1.14.0/STM32CubeIDE/plugins/com.st.stm32cube.ide.mcu.externaltools.gnu-tools-for-stm32.11.3.rel1.win32_1.1.100.202309141235/tools/bin/../lib/gcc/arm-none-eabi/11.3.1/../../../../arm-none-eabi/lib/thumb/v7e-m+fp/hard\libc_nano.a(libc_a-memset.o)
                0x00000000080055f8                memset
 .text.__libc_init_array
                0x0000000008005608       0x48 C:/ST/STM32CubeIDE_1.14.0/STM32CubeIDE/plugins/com.st.stm32cube.ide.mcu.externaltools.gnu-tools-for-stm32.11.3.rel1.win32_1.1.100.202309141235/tools/bin/../lib/gcc/arm-none-eabi/11.3.1/../../../../arm-none-eabi/lib/thumb/v7e-m+fp/hard\libc_nano.a(libc_a-init.o)
                0x0000000008005608                __libc_init_array
 *(.glue_7)
 .glue_7        0x0000000008005650        0x0 linker stubs
 *(.glue_7t)
 .glue_7t       0x0000000008005650        0x0 linker stubs
 *(.eh_frame)
 .eh_frame      0x0000000008005650        0x0 C:/ST/STM32CubeIDE_1.14.0/STM32CubeIDE/plugins/com.st.stm32cube.ide.mcu.externaltools.gnu-tools-for-stm32.11.3.rel1.win32_1.1.100.202309141235/tools/bin/../lib/gcc/arm-none-eabi/11.3.1/thumb/v7e-m+fp/hard/crtbegin.o
 *(.init)
 .init          0x0000000008005650        0x4 C:/ST/STM32CubeIDE_1.14.0/STM32CubeIDE/plugins/com.st.stm32cube.ide.mcu.externaltools.gnu-tools-for-stm32.11.3.rel1.win32_1.1.100.202309141235/tools/bin/../lib/gcc/arm-none-eabi/11.3.1/thumb/v7e-m+fp/hard/crti.o
                0x0000000008005650                _init
 .init          0x0000000008005654        0x8 C:/ST/STM32CubeIDE_1.14.0/STM32CubeIDE/plugins/com.st.stm32cube.ide.mcu.externaltools.gnu-tools-for-stm32.11.3.rel1.win32_1.1.100.202309141235/tools/bin/../lib/gcc/arm-none-eabi/11.3.1/thumb/v7e-m+fp/hard/crtn.o
 *(.fini)
 .fini          0x000000000800565c        0x4 C:/ST/STM32CubeIDE_1.14.0/STM32CubeIDE/plugins/com.st.stm32cube.ide.mcu.externaltools.gnu-tools-for-stm32.11.3.rel1.win32_1.1.100.202309141235/tools/bin/../lib/gcc/arm-none-eabi/11.3.1/thumb/v7e-m+fp/hard/crti.o
                0x000000000800565c                _fini
 .fini          0x0000000008005660        0x8 C:/ST/STM32CubeIDE_1.14.0/STM32CubeIDE/plugins/com.st.stm32cube.ide.mcu.externaltools.gnu-tools-for-stm32.11.3.rel1.win32_1.1.100.202309141235/tools/bin/../lib/gcc/arm-none-eabi/11.3.1/thumb/v7e-m+fp/hard/crtn.o
                0x0000000008005668                . = ALIGN (0x4)
                0x0000000008005668                _etext = .

.vfp11_veneer   0x0000000008005668        0x0
 .vfp11_veneer  0x0000000008005668        0x0 linker stubs

.v4_bx          0x0000000008005668        0x0
 .v4_bx         0x0000000008005668        0x0 linker stubs

.iplt           0x0000000008005668        0x0
 .iplt          0x0000000008005668        0x0 C:/ST/STM32CubeIDE_1.14.0/STM32CubeIDE/plugins/com.st.stm32cube.ide.mcu.externaltools.gnu-tools-for-stm32.11.3.rel1.win32_1.1.100.202309141235/tools/bin/../lib/gcc/arm-none-eabi/11.3.1/thumb/v7e-m+fp/hard/crtbegin.o

.rodata         0x0000000008005668       0x20
                0x0000000008005668                . = ALIGN (0x4)
 *(.rodata)
 *(.rodata*)
 .rodata.AHBPrescTable
                0x0000000008005668       0x10 ./Core/Src/system_stm32f4xx.o
                0x0000000008005668                AHBPrescTable
 .rodata.APBPrescTable
                0x0000000008005678        0x8 ./Core/Src/system_stm32f4xx.o
                0x0000000008005678                APBPrescTable
 .rodata.flagBitshiftOffset.0
                0x0000000008005680        0x8 ./Drivers/STM32F4xx_HAL_Driver/Src/stm32f4xx_hal_dma.o
                0x0000000008005688                . = ALIGN (0x4)

.ARM.extab      0x0000000008005688        0x0
                0x0000000008005688                . = ALIGN (0x4)
 *(.ARM.extab* .gnu.linkonce.armextab.*)
                0x0000000008005688                . = ALIGN (0x4)

.ARM            0x0000000008005688        0x8
                0x0000000008005688                . = ALIGN (0x4)
                0x0000000008005688                __exidx_start = .
 *(.ARM.exidx*)
 .ARM.exidx     0x0000000008005688        0x8 C:/ST/STM32CubeIDE_1.14.0/STM32CubeIDE/plugins/com.st.stm32cube.ide.mcu.externaltools.gnu-tools-for-stm32.11.3.rel1.win32_1.1.100.202309141235/tools/bin/../lib/gcc/arm-none-eabi/11.3.1/thumb/v7e-m+fp/hard\libgcc.a(_udivmoddi4.o)
                0x0000000008005690                __exidx_end = .
                0x0000000008005690                . = ALIGN (0x4)

.rel.dyn        0x0000000008005690        0x0
 .rel.iplt      0x0000000008005690        0x0 C:/ST/STM32CubeIDE_1.14.0/STM32CubeIDE/plugins/com.st.stm32cube.ide.mcu.externaltools.gnu-tools-for-stm32.11.3.rel1.win32_1.1.100.202309141235/tools/bin/../lib/gcc/arm-none-eabi/11.3.1/thumb/v7e-m+fp/hard/crtbegin.o

.preinit_array  0x0000000008005690        0x0
                0x0000000008005690                . = ALIGN (0x4)
                0x0000000008005690                PROVIDE (__preinit_array_start = .)
 *(.preinit_array*)
                0x0000000008005690                PROVIDE (__preinit_array_end = .)
                0x0000000008005690                . = ALIGN (0x4)

.init_array     0x0000000008005690        0x4
                0x0000000008005690                . = ALIGN (0x4)
                0x0000000008005690                PROVIDE (__init_array_start = .)
 *(SORT_BY_NAME(.init_array.*))
 *(.init_array*)
 .init_array    0x0000000008005690        0x4 C:/ST/STM32CubeIDE_1.14.0/STM32CubeIDE/plugins/com.st.stm32cube.ide.mcu.externaltools.gnu-tools-for-stm32.11.3.rel1.win32_1.1.100.202309141235/tools/bin/../lib/gcc/arm-none-eabi/11.3.1/thumb/v7e-m+fp/hard/crtbegin.o
                0x0000000008005694                PROVIDE (__init_array_end = .)
                0x0000000008005694                . = ALIGN (0x4)

.fini_array     0x0000000008005694        0x4
                0x0000000008005694                . = ALIGN (0x4)
                [!provide]                        PROVIDE (__fini_array_start = .)
 *(SORT_BY_NAME(.fini_array.*))
 *(.fini_array*)
 .fini_array    0x0000000008005694        0x4 C:/ST/STM32CubeIDE_1.14.0/STM32CubeIDE/plugins/com.st.stm32cube.ide.mcu.externaltools.gnu-tools-for-stm32.11.3.rel1.win32_1.1.100.202309141235/tools/bin/../lib/gcc/arm-none-eabi/11.3.1/thumb/v7e-m+fp/hard/crtbegin.o
                [!provide]                        PROVIDE (__fini_array_end = .)
                0x0000000008005698                . = ALIGN (0x4)
                0x0000000008005698                _sidata = LOADADDR (.data)

.data           0x0000000020000000        0xc load address 0x0000000008005698
                0x0000000020000000                . = ALIGN (0x4)
                0x0000000020000000                _sdata = .
 *(.data)
 *(.data*)
 .data.SystemCoreClock
                0x0000000020000000        0x4 ./Core/Src/system_stm32f4xx.o
                0x0000000020000000                SystemCoreClock
 .data.uwTickPrio
                0x0000000020000004        0x4 ./Drivers/STM32F4xx_HAL_Driver/Src/stm32f4xx_hal.o
                0x0000000020000004                uwTickPrio
 .data.uwTickFreq
                0x0000000020000008        0x1 ./Drivers/STM32F4xx_HAL_Driver/Src/stm32f4xx_hal.o
                0x0000000020000008                uwTickFreq
 *(.RamFunc)
 *(.RamFunc*)
                0x000000002000000c                . = ALIGN (0x4)
 *fill*         0x0000000020000009        0x3 
                0x000000002000000c                _edata = .

.igot.plt       0x000000002000000c        0x0 load address 0x00000000080056a4
 .igot.plt      0x000000002000000c        0x0 C:/ST/STM32CubeIDE_1.14.0/STM32CubeIDE/plugins/com.st.stm32cube.ide.mcu.externaltools.gnu-tools-for-stm32.11.3.rel1.win32_1.1.100.202309141235/tools/bin/../lib/gcc/arm-none-eabi/11.3.1/thumb/v7e-m+fp/hard/crtbegin.o
                0x000000002000000c                . = ALIGN (0x4)

.bss            0x000000002000000c      0x2f8 load address 0x00000000080056a4
                0x000000002000000c                _sbss = .
                0x000000002000000c                __bss_start__ = _sbss
 *(.bss)
 .bss           0x000000002000000c       0x1c C:/ST/STM32CubeIDE_1.14.0/STM32CubeIDE/plugins/com.st.stm32cube.ide.mcu.externaltools.gnu-tools-for-stm32.11.3.rel1.win32_1.1.100.202309141235/tools/bin/../lib/gcc/arm-none-eabi/11.3.1/thumb/v7e-m+fp/hard/crtbegin.o
 *(.bss*)
 .bss.hadc1     0x0000000020000028       0x48 ./Core/Src/adc.o
                0x0000000020000028                hadc1
 .bss.hdma_adc1
                0x0000000020000070       0x60 ./Core/Src/adc.o
                0x0000000020000070                hdma_adc1
 .bss.Cart_motor
                0x00000000200000d0        0xc ./Core/Src/main.o
                0x00000000200000d0                Cart_motor
 .bss.Pole_encoder
                0x00000000200000dc       0x14 ./Core/Src/main.o
                0x00000000200000dc                Pole_encoder
 .bss.Cart_encoder
                0x00000000200000f0       0x14 ./Core/Src/main.o
                0x00000000200000f0                Cart_encoder
 .bss.Prox      0x0000000020000104        0x2 ./Core/Src/main.o
                0x0000000020000104                Prox
 *fill*         0x0000000020000106        0x2 
 .bss.TxBuffer  0x0000000020000108        0xb ./Core/Src/main.o
                0x0000000020000108                TxBuffer
 *fill*         0x0000000020000113        0x1 
 .bss.RxBuffer  0x0000000020000114        0x5 ./Core/Src/main.o
                0x0000000020000114                RxBuffer
 *fill*         0x0000000020000119        0x3 
 .bss.timestamp.0
                0x000000002000011c        0x4 ./Core/Src/main.o
 .bss.htim1     0x0000000020000120       0x48 ./Core/Src/tim.o
                0x0000000020000120                htim1
 .bss.htim2     0x0000000020000168       0x48 ./Core/Src/tim.o
                0x0000000020000168                htim2
 .bss.htim3     0x00000000200001b0       0x48 ./Core/Src/tim.o
                0x00000000200001b0                htim3
 .bss.huart2    0x00000000200001f8       0x48 ./Core/Src/usart.o
                0x00000000200001f8                huart2
 .bss.hdma_usart2_tx
                0x0000000020000240       0x60 ./Core/Src/usart.o
                0x0000000020000240                hdma_usart2_tx
 .bss.hdma_usart2_rx
                0x00000000200002a0       0x60 ./Core/Src/usart.o
                0x00000000200002a0                hdma_usart2_rx
 .bss.uwTick    0x0000000020000300        0x4 ./Drivers/STM32F4xx_HAL_Driver/Src/stm32f4xx_hal.o
                0x0000000020000300                uwTick
 *(COMMON)
                0x0000000020000304                . = ALIGN (0x4)
                0x0000000020000304                _ebss = .
                0x0000000020000304                __bss_end__ = _ebss

._user_heap_stack
                0x0000000020000304      0x604 load address 0x00000000080056a4
                0x0000000020000308                . = ALIGN (0x8)
 *fill*         0x0000000020000304        0x4 
                [!provide]                        PROVIDE (end = .)
                0x0000000020000308                PROVIDE (_end = .)
                0x0000000020000508                . = (. + _Min_Heap_Size)
 *fill*         0x0000000020000308      0x200 
                0x0000000020000908                . = (. + _Min_Stack_Size)
 *fill*         0x0000000020000508      0x400 
                0x0000000020000908                . = ALIGN (0x8)

/DISCARD/
 libc.a(*)
 libm.a(*)
 libgcc.a(*)

.ARM.attributes
                0x0000000000000000       0x30
 *(.ARM.attributes)
 .ARM.attributes
                0x0000000000000000       0x1e C:/ST/STM32CubeIDE_1.14.0/STM32CubeIDE/plugins/com.st.stm32cube.ide.mcu.externaltools.gnu-tools-for-stm32.11.3.rel1.win32_1.1.100.202309141235/tools/bin/../lib/gcc/arm-none-eabi/11.3.1/thumb/v7e-m+fp/hard/crti.o
 .ARM.attributes
                0x000000000000001e       0x34 C:/ST/STM32CubeIDE_1.14.0/STM32CubeIDE/plugins/com.st.stm32cube.ide.mcu.externaltools.gnu-tools-for-stm32.11.3.rel1.win32_1.1.100.202309141235/tools/bin/../lib/gcc/arm-none-eabi/11.3.1/thumb/v7e-m+fp/hard/crtbegin.o
 .ARM.attributes
                0x0000000000000052       0x34 ./Core/Src/Encoder.o
 .ARM.attributes
                0x0000000000000086       0x34 ./Core/Src/Motor.o
 .ARM.attributes
                0x00000000000000ba       0x34 ./Core/Src/Proximity.o
 .ARM.attributes
                0x00000000000000ee       0x34 ./Core/Src/adc.o
 .ARM.attributes
                0x0000000000000122       0x34 ./Core/Src/dma.o
 .ARM.attributes
                0x0000000000000156       0x34 ./Core/Src/gpio.o
 .ARM.attributes
                0x000000000000018a       0x34 ./Core/Src/main.o
 .ARM.attributes
                0x00000000000001be       0x34 ./Core/Src/stm32f4xx_hal_msp.o
 .ARM.attributes
                0x00000000000001f2       0x34 ./Core/Src/stm32f4xx_it.o
 .ARM.attributes
                0x0000000000000226       0x34 ./Core/Src/system_stm32f4xx.o
 .ARM.attributes
                0x000000000000025a       0x34 ./Core/Src/tim.o
 .ARM.attributes
                0x000000000000028e       0x34 ./Core/Src/usart.o
 .ARM.attributes
                0x00000000000002c2       0x21 ./Core/Startup/startup_stm32f411retx.o
 .ARM.attributes
                0x00000000000002e3       0x34 ./Drivers/STM32F4xx_HAL_Driver/Src/stm32f4xx_hal.o
 .ARM.attributes
                0x0000000000000317       0x34 ./Drivers/STM32F4xx_HAL_Driver/Src/stm32f4xx_hal_adc.o
 .ARM.attributes
                0x000000000000034b       0x34 ./Drivers/STM32F4xx_HAL_Driver/Src/stm32f4xx_hal_cortex.o
 .ARM.attributes
                0x000000000000037f       0x34 ./Drivers/STM32F4xx_HAL_Driver/Src/stm32f4xx_hal_dma.o
 .ARM.attributes
                0x00000000000003b3       0x34 ./Drivers/STM32F4xx_HAL_Driver/Src/stm32f4xx_hal_gpio.o
 .ARM.attributes
                0x00000000000003e7       0x34 ./Drivers/STM32F4xx_HAL_Driver/Src/stm32f4xx_hal_rcc.o
 .ARM.attributes
                0x000000000000041b       0x34 ./Drivers/STM32F4xx_HAL_Driver/Src/stm32f4xx_hal_tim.o
 .ARM.attributes
                0x000000000000044f       0x34 ./Drivers/STM32F4xx_HAL_Driver/Src/stm32f4xx_hal_tim_ex.o
 .ARM.attributes
                0x0000000000000483       0x34 ./Drivers/STM32F4xx_HAL_Driver/Src/stm32f4xx_hal_uart.o
 .ARM.attributes
                0x00000000000004b7       0x34 C:/ST/STM32CubeIDE_1.14.0/STM32CubeIDE/plugins/com.st.stm32cube.ide.mcu.externaltools.gnu-tools-for-stm32.11.3.rel1.win32_1.1.100.202309141235/tools/bin/../lib/gcc/arm-none-eabi/11.3.1/../../../../arm-none-eabi/lib/thumb/v7e-m+fp/hard\libc_nano.a(libc_a-memset.o)
 .ARM.attributes
                0x00000000000004eb       0x34 C:/ST/STM32CubeIDE_1.14.0/STM32CubeIDE/plugins/com.st.stm32cube.ide.mcu.externaltools.gnu-tools-for-stm32.11.3.rel1.win32_1.1.100.202309141235/tools/bin/../lib/gcc/arm-none-eabi/11.3.1/../../../../arm-none-eabi/lib/thumb/v7e-m+fp/hard\libc_nano.a(libc_a-init.o)
 .ARM.attributes
                0x000000000000051f       0x1e C:/ST/STM32CubeIDE_1.14.0/STM32CubeIDE/plugins/com.st.stm32cube.ide.mcu.externaltools.gnu-tools-for-stm32.11.3.rel1.win32_1.1.100.202309141235/tools/bin/../lib/gcc/arm-none-eabi/11.3.1/thumb/v7e-m+fp/hard\libgcc.a(_aeabi_uldivmod.o)
 .ARM.attributes
                0x000000000000053d       0x34 C:/ST/STM32CubeIDE_1.14.0/STM32CubeIDE/plugins/com.st.stm32cube.ide.mcu.externaltools.gnu-tools-for-stm32.11.3.rel1.win32_1.1.100.202309141235/tools/bin/../lib/gcc/arm-none-eabi/11.3.1/thumb/v7e-m+fp/hard\libgcc.a(_udivmoddi4.o)
 .ARM.attributes
                0x0000000000000571       0x1e C:/ST/STM32CubeIDE_1.14.0/STM32CubeIDE/plugins/com.st.stm32cube.ide.mcu.externaltools.gnu-tools-for-stm32.11.3.rel1.win32_1.1.100.202309141235/tools/bin/../lib/gcc/arm-none-eabi/11.3.1/thumb/v7e-m+fp/hard\libgcc.a(_dvmd_tls.o)
 .ARM.attributes
                0x000000000000058f       0x1e C:/ST/STM32CubeIDE_1.14.0/STM32CubeIDE/plugins/com.st.stm32cube.ide.mcu.externaltools.gnu-tools-for-stm32.11.3.rel1.win32_1.1.100.202309141235/tools/bin/../lib/gcc/arm-none-eabi/11.3.1/thumb/v7e-m+fp/hard/crtn.o
OUTPUT(opentopicFirmware.elf elf32-littlearm)
LOAD linker stubs
LOAD C:/ST/STM32CubeIDE_1.14.0/STM32CubeIDE/plugins/com.st.stm32cube.ide.mcu.externaltools.gnu-tools-for-stm32.11.3.rel1.win32_1.1.100.202309141235/tools/bin/../lib/gcc/arm-none-eabi/11.3.1/../../../../arm-none-eabi/lib/thumb/v7e-m+fp/hard\libc.a
LOAD C:/ST/STM32CubeIDE_1.14.0/STM32CubeIDE/plugins/com.st.stm32cube.ide.mcu.externaltools.gnu-tools-for-stm32.11.3.rel1.win32_1.1.100.202309141235/tools/bin/../lib/gcc/arm-none-eabi/11.3.1/../../../../arm-none-eabi/lib/thumb/v7e-m+fp/hard\libm.a
LOAD C:/ST/STM32CubeIDE_1.14.0/STM32CubeIDE/plugins/com.st.stm32cube.ide.mcu.externaltools.gnu-tools-for-stm32.11.3.rel1.win32_1.1.100.202309141235/tools/bin/../lib/gcc/arm-none-eabi/11.3.1/thumb/v7e-m+fp/hard\libgcc.a

.comment        0x0000000000000000       0x43
 .comment       0x0000000000000000       0x43 C:/ST/STM32CubeIDE_1.14.0/STM32CubeIDE/plugins/com.st.stm32cube.ide.mcu.externaltools.gnu-tools-for-stm32.11.3.rel1.win32_1.1.100.202309141235/tools/bin/../lib/gcc/arm-none-eabi/11.3.1/thumb/v7e-m+fp/hard/crtbegin.o
                                         0x44 (size before relaxing)
 .comment       0x0000000000000043       0x44 ./Core/Src/Encoder.o
 .comment       0x0000000000000043       0x44 ./Core/Src/Motor.o
 .comment       0x0000000000000043       0x44 ./Core/Src/Proximity.o
 .comment       0x0000000000000043       0x44 ./Core/Src/adc.o
 .comment       0x0000000000000043       0x44 ./Core/Src/dma.o
 .comment       0x0000000000000043       0x44 ./Core/Src/gpio.o
 .comment       0x0000000000000043       0x44 ./Core/Src/main.o
 .comment       0x0000000000000043       0x44 ./Core/Src/stm32f4xx_hal_msp.o
 .comment       0x0000000000000043       0x44 ./Core/Src/stm32f4xx_it.o
 .comment       0x0000000000000043       0x44 ./Core/Src/system_stm32f4xx.o
 .comment       0x0000000000000043       0x44 ./Core/Src/tim.o
 .comment       0x0000000000000043       0x44 ./Core/Src/usart.o
 .comment       0x0000000000000043       0x44 ./Drivers/STM32F4xx_HAL_Driver/Src/stm32f4xx_hal.o
 .comment       0x0000000000000043       0x44 ./Drivers/STM32F4xx_HAL_Driver/Src/stm32f4xx_hal_adc.o
 .comment       0x0000000000000043       0x44 ./Drivers/STM32F4xx_HAL_Driver/Src/stm32f4xx_hal_cortex.o
 .comment       0x0000000000000043       0x44 ./Drivers/STM32F4xx_HAL_Driver/Src/stm32f4xx_hal_dma.o
 .comment       0x0000000000000043       0x44 ./Drivers/STM32F4xx_HAL_Driver/Src/stm32f4xx_hal_gpio.o
 .comment       0x0000000000000043       0x44 ./Drivers/STM32F4xx_HAL_Driver/Src/stm32f4xx_hal_rcc.o
 .comment       0x0000000000000043       0x44 ./Drivers/STM32F4xx_HAL_Driver/Src/stm32f4xx_hal_tim.o
 .comment       0x0000000000000043       0x44 ./Drivers/STM32F4xx_HAL_Driver/Src/stm32f4xx_hal_tim_ex.o
 .comment       0x0000000000000043       0x44 ./Drivers/STM32F4xx_HAL_Driver/Src/stm32f4xx_hal_uart.o

.debug_info     0x0000000000000000    0x10cc8
 .debug_info    0x0000000000000000      0x751 ./Core/Src/Encoder.o
 .debug_info    0x0000000000000751      0x84e ./Core/Src/Motor.o
 .debug_info    0x0000000000000f9f       0xec ./Core/Src/Proximity.o
 .debug_info    0x000000000000108b      0xa06 ./Core/Src/adc.o
 .debug_info    0x0000000000001a91      0x45e ./Core/Src/dma.o
 .debug_info    0x0000000000001eef      0x5fc ./Core/Src/gpio.o
 .debug_info    0x00000000000024eb     0x1147 ./Core/Src/main.o
 .debug_info    0x0000000000003632      0x2a4 ./Core/Src/stm32f4xx_hal_msp.o
 .debug_info    0x00000000000038d6      0xa2a ./Core/Src/stm32f4xx_it.o
 .debug_info    0x0000000000004300      0x53e ./Core/Src/system_stm32f4xx.o
 .debug_info    0x000000000000483e     0x1001 ./Core/Src/tim.o
 .debug_info    0x000000000000583f      0xb79 ./Core/Src/usart.o
 .debug_info    0x00000000000063b8       0x23 ./Core/Startup/startup_stm32f411retx.o
 .debug_info    0x00000000000063db      0x8c4 ./Drivers/STM32F4xx_HAL_Driver/Src/stm32f4xx_hal.o
 .debug_info    0x0000000000006c9f      0xcd1 ./Drivers/STM32F4xx_HAL_Driver/Src/stm32f4xx_hal_adc.o
 .debug_info    0x0000000000007970      0xcc7 ./Drivers/STM32F4xx_HAL_Driver/Src/stm32f4xx_hal_cortex.o
 .debug_info    0x0000000000008637      0x8e6 ./Drivers/STM32F4xx_HAL_Driver/Src/stm32f4xx_hal_dma.o
 .debug_info    0x0000000000008f1d      0x6f9 ./Drivers/STM32F4xx_HAL_Driver/Src/stm32f4xx_hal_gpio.o
 .debug_info    0x0000000000009616      0x8f2 ./Drivers/STM32F4xx_HAL_Driver/Src/stm32f4xx_hal_rcc.o
 .debug_info    0x0000000000009f08     0x2996 ./Drivers/STM32F4xx_HAL_Driver/Src/stm32f4xx_hal_tim.o
 .debug_info    0x000000000000c89e     0x14d4 ./Drivers/STM32F4xx_HAL_Driver/Src/stm32f4xx_hal_tim_ex.o
 .debug_info    0x000000000000dd72     0x2f56 ./Drivers/STM32F4xx_HAL_Driver/Src/stm32f4xx_hal_uart.o

.debug_abbrev   0x0000000000000000     0x2a06
 .debug_abbrev  0x0000000000000000      0x17b ./Core/Src/Encoder.o
 .debug_abbrev  0x000000000000017b      0x1c7 ./Core/Src/Motor.o
 .debug_abbrev  0x0000000000000342       0x94 ./Core/Src/Proximity.o
 .debug_abbrev  0x00000000000003d6      0x204 ./Core/Src/adc.o
 .debug_abbrev  0x00000000000005da      0x11b ./Core/Src/dma.o
 .debug_abbrev  0x00000000000006f5      0x173 ./Core/Src/gpio.o
 .debug_abbrev  0x0000000000000868      0x29f ./Core/Src/main.o
 .debug_abbrev  0x0000000000000b07       0xf4 ./Core/Src/stm32f4xx_hal_msp.o
 .debug_abbrev  0x0000000000000bfb      0x1de ./Core/Src/stm32f4xx_it.o
 .debug_abbrev  0x0000000000000dd9      0x11a ./Core/Src/system_stm32f4xx.o
 .debug_abbrev  0x0000000000000ef3      0x26e ./Core/Src/tim.o
 .debug_abbrev  0x0000000000001161      0x22d ./Core/Src/usart.o
 .debug_abbrev  0x000000000000138e       0x12 ./Core/Startup/startup_stm32f411retx.o
 .debug_abbrev  0x00000000000013a0      0x24b ./Drivers/STM32F4xx_HAL_Driver/Src/stm32f4xx_hal.o
 .debug_abbrev  0x00000000000015eb      0x20e ./Drivers/STM32F4xx_HAL_Driver/Src/stm32f4xx_hal_adc.o
 .debug_abbrev  0x00000000000017f9      0x328 ./Drivers/STM32F4xx_HAL_Driver/Src/stm32f4xx_hal_cortex.o
 .debug_abbrev  0x0000000000001b21      0x221 ./Drivers/STM32F4xx_HAL_Driver/Src/stm32f4xx_hal_dma.o
 .debug_abbrev  0x0000000000001d42      0x1d3 ./Drivers/STM32F4xx_HAL_Driver/Src/stm32f4xx_hal_gpio.o
 .debug_abbrev  0x0000000000001f15      0x2b5 ./Drivers/STM32F4xx_HAL_Driver/Src/stm32f4xx_hal_rcc.o
 .debug_abbrev  0x00000000000021ca      0x28b ./Drivers/STM32F4xx_HAL_Driver/Src/stm32f4xx_hal_tim.o
 .debug_abbrev  0x0000000000002455      0x296 ./Drivers/STM32F4xx_HAL_Driver/Src/stm32f4xx_hal_tim_ex.o
 .debug_abbrev  0x00000000000026eb      0x31b ./Drivers/STM32F4xx_HAL_Driver/Src/stm32f4xx_hal_uart.o

.debug_aranges  0x0000000000000000      0xe78
 .debug_aranges
                0x0000000000000000       0x30 ./Core/Src/Encoder.o
 .debug_aranges
                0x0000000000000030       0x38 ./Core/Src/Motor.o
 .debug_aranges
                0x0000000000000068       0x20 ./Core/Src/Proximity.o
 .debug_aranges
                0x0000000000000088       0x30 ./Core/Src/adc.o
 .debug_aranges
                0x00000000000000b8       0x20 ./Core/Src/dma.o
 .debug_aranges
                0x00000000000000d8       0x20 ./Core/Src/gpio.o
 .debug_aranges
                0x00000000000000f8       0x48 ./Core/Src/main.o
 .debug_aranges
                0x0000000000000140       0x20 ./Core/Src/stm32f4xx_hal_msp.o
 .debug_aranges
                0x0000000000000160       0x98 ./Core/Src/stm32f4xx_it.o
 .debug_aranges
                0x00000000000001f8       0x28 ./Core/Src/system_stm32f4xx.o
 .debug_aranges
                0x0000000000000220       0x58 ./Core/Src/tim.o
 .debug_aranges
                0x0000000000000278       0x30 ./Core/Src/usart.o
 .debug_aranges
                0x00000000000002a8       0x28 ./Core/Startup/startup_stm32f411retx.o
 .debug_aranges
                0x00000000000002d0       0xf0 ./Drivers/STM32F4xx_HAL_Driver/Src/stm32f4xx_hal.o
 .debug_aranges
                0x00000000000003c0       0xe8 ./Drivers/STM32F4xx_HAL_Driver/Src/stm32f4xx_hal_adc.o
 .debug_aranges
                0x00000000000004a8      0x120 ./Drivers/STM32F4xx_HAL_Driver/Src/stm32f4xx_hal_cortex.o
 .debug_aranges
                0x00000000000005c8       0x90 ./Drivers/STM32F4xx_HAL_Driver/Src/stm32f4xx_hal_dma.o
 .debug_aranges
                0x0000000000000658       0x58 ./Drivers/STM32F4xx_HAL_Driver/Src/stm32f4xx_hal_gpio.o
 .debug_aranges
                0x00000000000006b0       0x88 ./Drivers/STM32F4xx_HAL_Driver/Src/stm32f4xx_hal_rcc.o
 .debug_aranges
                0x0000000000000738      0x3d0 ./Drivers/STM32F4xx_HAL_Driver/Src/stm32f4xx_hal_tim.o
 .debug_aranges
                0x0000000000000b08      0x168 ./Drivers/STM32F4xx_HAL_Driver/Src/stm32f4xx_hal_tim_ex.o
 .debug_aranges
                0x0000000000000c70      0x208 ./Drivers/STM32F4xx_HAL_Driver/Src/stm32f4xx_hal_uart.o

.debug_rnglists
                0x0000000000000000      0xb2f
 .debug_rnglists
                0x0000000000000000       0x1f ./Core/Src/Encoder.o
 .debug_rnglists
                0x000000000000001f       0x25 ./Core/Src/Motor.o
 .debug_rnglists
                0x0000000000000044       0x13 ./Core/Src/Proximity.o
 .debug_rnglists
                0x0000000000000057       0x21 ./Core/Src/adc.o
 .debug_rnglists
                0x0000000000000078       0x13 ./Core/Src/dma.o
 .debug_rnglists
                0x000000000000008b       0x14 ./Core/Src/gpio.o
 .debug_rnglists
                0x000000000000009f       0x34 ./Core/Src/main.o
 .debug_rnglists
                0x00000000000000d3       0x13 ./Core/Src/stm32f4xx_hal_msp.o
 .debug_rnglists
                0x00000000000000e6       0x6d ./Core/Src/stm32f4xx_it.o
 .debug_rnglists
                0x0000000000000153       0x1a ./Core/Src/system_stm32f4xx.o
 .debug_rnglists
                0x000000000000016d       0x41 ./Core/Src/tim.o
 .debug_rnglists
                0x00000000000001ae       0x20 ./Core/Src/usart.o
 .debug_rnglists
                0x00000000000001ce       0x19 ./Core/Startup/startup_stm32f411retx.o
 .debug_rnglists
                0x00000000000001e7       0xaf ./Drivers/STM32F4xx_HAL_Driver/Src/stm32f4xx_hal.o
 .debug_rnglists
                0x0000000000000296       0xb5 ./Drivers/STM32F4xx_HAL_Driver/Src/stm32f4xx_hal_adc.o
 .debug_rnglists
                0x000000000000034b       0xd4 ./Drivers/STM32F4xx_HAL_Driver/Src/stm32f4xx_hal_cortex.o
 .debug_rnglists
                0x000000000000041f       0x70 ./Drivers/STM32F4xx_HAL_Driver/Src/stm32f4xx_hal_dma.o
 .debug_rnglists
                0x000000000000048f       0x3f ./Drivers/STM32F4xx_HAL_Driver/Src/stm32f4xx_hal_gpio.o
 .debug_rnglists
                0x00000000000004ce       0x66 ./Drivers/STM32F4xx_HAL_Driver/Src/stm32f4xx_hal_rcc.o
 .debug_rnglists
                0x0000000000000534      0x31a ./Drivers/STM32F4xx_HAL_Driver/Src/stm32f4xx_hal_tim.o
 .debug_rnglists
                0x000000000000084e      0x125 ./Drivers/STM32F4xx_HAL_Driver/Src/stm32f4xx_hal_tim_ex.o
 .debug_rnglists
                0x0000000000000973      0x1bc ./Drivers/STM32F4xx_HAL_Driver/Src/stm32f4xx_hal_uart.o

.debug_macro    0x0000000000000000    0x17cef
 .debug_macro   0x0000000000000000      0x21d ./Core/Src/Encoder.o
 .debug_macro   0x000000000000021d      0xaa8 ./Core/Src/Encoder.o
 .debug_macro   0x0000000000000cc5      0x2a1 ./Core/Src/Encoder.o
 .debug_macro   0x0000000000000f66       0x2e ./Core/Src/Encoder.o
 .debug_macro   0x0000000000000f94       0x28 ./Core/Src/Encoder.o
 .debug_macro   0x0000000000000fbc       0x22 ./Core/Src/Encoder.o
 .debug_macro   0x0000000000000fde       0x8e ./Core/Src/Encoder.o
 .debug_macro   0x000000000000106c       0x51 ./Core/Src/Encoder.o
 .debug_macro   0x00000000000010bd      0x103 ./Core/Src/Encoder.o
 .debug_macro   0x00000000000011c0       0x6a ./Core/Src/Encoder.o
 .debug_macro   0x000000000000122a      0x1df ./Core/Src/Encoder.o
 .debug_macro   0x0000000000001409       0x1c ./Core/Src/Encoder.o
 .debug_macro   0x0000000000001425       0x22 ./Core/Src/Encoder.o
 .debug_macro   0x0000000000001447       0xfb ./Core/Src/Encoder.o
 .debug_macro   0x0000000000001542     0x1011 ./Core/Src/Encoder.o
 .debug_macro   0x0000000000002553      0x11f ./Core/Src/Encoder.o
 .debug_macro   0x0000000000002672     0xb953 ./Core/Src/Encoder.o
 .debug_macro   0x000000000000dfc5       0x6d ./Core/Src/Encoder.o
 .debug_macro   0x000000000000e032     0x368c ./Core/Src/Encoder.o
 .debug_macro   0x00000000000116be      0x174 ./Core/Src/Encoder.o
 .debug_macro   0x0000000000011832       0x5c ./Core/Src/Encoder.o
 .debug_macro   0x000000000001188e      0x45c ./Core/Src/Encoder.o
 .debug_macro   0x0000000000011cea      0x9e9 ./Core/Src/Encoder.o
 .debug_macro   0x00000000000126d3      0x115 ./Core/Src/Encoder.o
 .debug_macro   0x00000000000127e8      0x11b ./Core/Src/Encoder.o
 .debug_macro   0x0000000000012903       0xa5 ./Core/Src/Encoder.o
 .debug_macro   0x00000000000129a8      0x15f ./Core/Src/Encoder.o
 .debug_macro   0x0000000000012b07      0x287 ./Core/Src/Encoder.o
 .debug_macro   0x0000000000012d8e       0x5f ./Core/Src/Encoder.o
 .debug_macro   0x0000000000012ded      0x236 ./Core/Src/Encoder.o
 .debug_macro   0x0000000000013023      0x9e1 ./Core/Src/Encoder.o
 .debug_macro   0x0000000000013a04      0x38b ./Core/Src/Encoder.o
 .debug_macro   0x0000000000013d8f      0x17d ./Core/Src/Encoder.o
 .debug_macro   0x0000000000013f0c       0xf9 ./Core/Src/Encoder.o
 .debug_macro   0x0000000000014005      0x132 ./Core/Src/Encoder.o
 .debug_macro   0x0000000000014137      0x264 ./Core/Src/Encoder.o
 .debug_macro   0x000000000001439b       0x2e ./Core/Src/Encoder.o
 .debug_macro   0x00000000000143c9      0x127 ./Core/Src/Encoder.o
 .debug_macro   0x00000000000144f0       0x85 ./Core/Src/Encoder.o
 .debug_macro   0x0000000000014575       0x89 ./Core/Src/Encoder.o
 .debug_macro   0x00000000000145fe      0x8ed ./Core/Src/Encoder.o
 .debug_macro   0x0000000000014eeb       0x47 ./Core/Src/Encoder.o
 .debug_macro   0x0000000000014f32      0x2aa ./Core/Src/Encoder.o
 .debug_macro   0x00000000000151dc      0x126 ./Core/Src/Encoder.o
 .debug_macro   0x0000000000015302       0xd6 ./Core/Src/Encoder.o
 .debug_macro   0x00000000000153d8      0x219 ./Core/Src/Motor.o
 .debug_macro   0x00000000000155f1      0x213 ./Core/Src/Proximity.o
 .debug_macro   0x0000000000015804      0x20f ./Core/Src/adc.o
 .debug_macro   0x0000000000015a13      0x20f ./Core/Src/dma.o
 .debug_macro   0x0000000000015c22      0x20f ./Core/Src/gpio.o
 .debug_macro   0x0000000000015e31      0x25d ./Core/Src/main.o
 .debug_macro   0x000000000001608e      0x205 ./Core/Src/stm32f4xx_hal_msp.o
 .debug_macro   0x0000000000016293      0x20f ./Core/Src/stm32f4xx_it.o
 .debug_macro   0x00000000000164a2      0x1f6 ./Core/Src/system_stm32f4xx.o
 .debug_macro   0x0000000000016698      0x20f ./Core/Src/tim.o
 .debug_macro   0x00000000000168a7      0x20f ./Core/Src/usart.o
 .debug_macro   0x0000000000016ab6      0x256 ./Drivers/STM32F4xx_HAL_Driver/Src/stm32f4xx_hal.o
 .debug_macro   0x0000000000016d0c      0x1f7 ./Drivers/STM32F4xx_HAL_Driver/Src/stm32f4xx_hal_adc.o
 .debug_macro   0x0000000000016f03      0x1f6 ./Drivers/STM32F4xx_HAL_Driver/Src/stm32f4xx_hal_cortex.o
 .debug_macro   0x00000000000170f9      0x1fc ./Drivers/STM32F4xx_HAL_Driver/Src/stm32f4xx_hal_dma.o
 .debug_macro   0x00000000000172f5      0x1fc ./Drivers/STM32F4xx_HAL_Driver/Src/stm32f4xx_hal_gpio.o
 .debug_macro   0x00000000000174f1      0x21a ./Drivers/STM32F4xx_HAL_Driver/Src/stm32f4xx_hal_rcc.o
 .debug_macro   0x000000000001770b      0x1f7 ./Drivers/STM32F4xx_HAL_Driver/Src/stm32f4xx_hal_tim.o
 .debug_macro   0x0000000000017902      0x1f6 ./Drivers/STM32F4xx_HAL_Driver/Src/stm32f4xx_hal_tim_ex.o
 .debug_macro   0x0000000000017af8      0x1f7 ./Drivers/STM32F4xx_HAL_Driver/Src/stm32f4xx_hal_uart.o

.debug_line     0x0000000000000000    0x13055
 .debug_line    0x0000000000000000      0x81f ./Core/Src/Encoder.o
 .debug_line    0x000000000000081f      0x7f8 ./Core/Src/Motor.o
 .debug_line    0x0000000000001017      0x79c ./Core/Src/Proximity.o
 .debug_line    0x00000000000017b3      0x83c ./Core/Src/adc.o
 .debug_line    0x0000000000001fef      0x796 ./Core/Src/dma.o
 .debug_line    0x0000000000002785      0x7c9 ./Core/Src/gpio.o
 .debug_line    0x0000000000002f4e      0x94c ./Core/Src/main.o
 .debug_line    0x000000000000389a      0x797 ./Core/Src/stm32f4xx_hal_msp.o
 .debug_line    0x0000000000004031      0x902 ./Core/Src/stm32f4xx_it.o
 .debug_line    0x0000000000004933      0x817 ./Core/Src/system_stm32f4xx.o
 .debug_line    0x000000000000514a      0x987 ./Core/Src/tim.o
 .debug_line    0x0000000000005ad1      0x850 ./Core/Src/usart.o
 .debug_line    0x0000000000006321       0x7a ./Core/Startup/startup_stm32f411retx.o
 .debug_line    0x000000000000639b      0xa7d ./Drivers/STM32F4xx_HAL_Driver/Src/stm32f4xx_hal.o
 .debug_line    0x0000000000006e18     0x1237 ./Drivers/STM32F4xx_HAL_Driver/Src/stm32f4xx_hal_adc.o
 .debug_line    0x000000000000804f      0xd49 ./Drivers/STM32F4xx_HAL_Driver/Src/stm32f4xx_hal_cortex.o
 .debug_line    0x0000000000008d98      0xfe1 ./Drivers/STM32F4xx_HAL_Driver/Src/stm32f4xx_hal_dma.o
 .debug_line    0x0000000000009d79      0xbb5 ./Drivers/STM32F4xx_HAL_Driver/Src/stm32f4xx_hal_gpio.o
 .debug_line    0x000000000000a92e      0xdf6 ./Drivers/STM32F4xx_HAL_Driver/Src/stm32f4xx_hal_rcc.o
 .debug_line    0x000000000000b724     0x35e3 ./Drivers/STM32F4xx_HAL_Driver/Src/stm32f4xx_hal_tim.o
 .debug_line    0x000000000000ed07     0x1a14 ./Drivers/STM32F4xx_HAL_Driver/Src/stm32f4xx_hal_tim_ex.o
 .debug_line    0x000000000001071b     0x293a ./Drivers/STM32F4xx_HAL_Driver/Src/stm32f4xx_hal_uart.o

.debug_str      0x0000000000000000    0x969ac
 .debug_str     0x0000000000000000    0x92cd4 ./Core/Src/Encoder.o
                                      0x92ff5 (size before relaxing)
 .debug_str     0x0000000000092cd4       0xf6 ./Core/Src/Motor.o
                                      0x9302e (size before relaxing)
 .debug_str     0x0000000000092dca       0x72 ./Core/Src/Proximity.o
                                      0x92a55 (size before relaxing)
 .debug_str     0x0000000000092e3c      0x3cf ./Core/Src/adc.o
                                      0x93094 (size before relaxing)
 .debug_str     0x000000000009320b      0x3d8 ./Core/Src/dma.o
                                      0x92ef6 (size before relaxing)
 .debug_str     0x00000000000935e3       0x2c ./Core/Src/gpio.o
                                      0x92fc4 (size before relaxing)
 .debug_str     0x000000000009360f      0x4d0 ./Core/Src/main.o
                                      0x93747 (size before relaxing)
 .debug_str     0x0000000000093adf       0x49 ./Core/Src/stm32f4xx_hal_msp.o
                                      0x92b4e (size before relaxing)
 .debug_str     0x0000000000093b28      0x1c9 ./Core/Src/stm32f4xx_it.o
                                      0x9331a (size before relaxing)
 .debug_str     0x0000000000093cf1       0xdb ./Core/Src/system_stm32f4xx.o
                                      0x92850 (size before relaxing)
 .debug_str     0x0000000000093dcc      0x2cc ./Core/Src/tim.o
                                      0x93813 (size before relaxing)
 .debug_str     0x0000000000094098       0x51 ./Core/Src/usart.o
                                      0x934cf (size before relaxing)
 .debug_str     0x00000000000940e9       0x34 ./Core/Startup/startup_stm32f411retx.o
                                         0x9e (size before relaxing)
 .debug_str     0x000000000009411d      0x5ee ./Drivers/STM32F4xx_HAL_Driver/Src/stm32f4xx_hal.o
                                      0x9327c (size before relaxing)
 .debug_str     0x000000000009470b      0x2c6 ./Drivers/STM32F4xx_HAL_Driver/Src/stm32f4xx_hal_adc.o
                                      0x92e2b (size before relaxing)
 .debug_str     0x00000000000949d1      0x333 ./Drivers/STM32F4xx_HAL_Driver/Src/stm32f4xx_hal_cortex.o
                                      0x92fb4 (size before relaxing)
 .debug_str     0x0000000000094d04      0x2d5 ./Drivers/STM32F4xx_HAL_Driver/Src/stm32f4xx_hal_dma.o
                                      0x92c58 (size before relaxing)
 .debug_str     0x0000000000094fd9       0xe8 ./Drivers/STM32F4xx_HAL_Driver/Src/stm32f4xx_hal_gpio.o
                                      0x929cb (size before relaxing)
 .debug_str     0x00000000000950c1      0x233 ./Drivers/STM32F4xx_HAL_Driver/Src/stm32f4xx_hal_rcc.o
                                      0x92c84 (size before relaxing)
 .debug_str     0x00000000000952f4      0xc65 ./Drivers/STM32F4xx_HAL_Driver/Src/stm32f4xx_hal_tim.o
                                      0x93bc8 (size before relaxing)
 .debug_str     0x0000000000095f59      0x493 ./Drivers/STM32F4xx_HAL_Driver/Src/stm32f4xx_hal_tim_ex.o
                                      0x933d4 (size before relaxing)
 .debug_str     0x00000000000963ec      0x5c0 ./Drivers/STM32F4xx_HAL_Driver/Src/stm32f4xx_hal_uart.o
                                      0x93253 (size before relaxing)

.debug_frame    0x0000000000000000     0x3ac8
 .debug_frame   0x0000000000000000       0x88 ./Core/Src/Encoder.o
 .debug_frame   0x0000000000000088       0xac ./Core/Src/Motor.o
 .debug_frame   0x0000000000000134       0x38 ./Core/Src/Proximity.o
 .debug_frame   0x000000000000016c       0x7c ./Core/Src/adc.o
 .debug_frame   0x00000000000001e8       0x34 ./Core/Src/dma.o
 .debug_frame   0x000000000000021c       0x34 ./Core/Src/gpio.o
 .debug_frame   0x0000000000000250       0xd8 ./Core/Src/main.o
 .debug_frame   0x0000000000000328       0x34 ./Core/Src/stm32f4xx_hal_msp.o
 .debug_frame   0x000000000000035c      0x1c8 ./Core/Src/stm32f4xx_it.o
 .debug_frame   0x0000000000000524       0x58 ./Core/Src/system_stm32f4xx.o
 .debug_frame   0x000000000000057c      0x130 ./Core/Src/tim.o
 .debug_frame   0x00000000000006ac       0x74 ./Core/Src/usart.o
 .debug_frame   0x0000000000000720      0x374 ./Drivers/STM32F4xx_HAL_Driver/Src/stm32f4xx_hal.o
 .debug_frame   0x0000000000000a94      0x3fc ./Drivers/STM32F4xx_HAL_Driver/Src/stm32f4xx_hal_adc.o
 .debug_frame   0x0000000000000e90      0x4b8 ./Drivers/STM32F4xx_HAL_Driver/Src/stm32f4xx_hal_cortex.o
 .debug_frame   0x0000000000001348      0x250 ./Drivers/STM32F4xx_HAL_Driver/Src/stm32f4xx_hal_dma.o
 .debug_frame   0x0000000000001598      0x14c ./Drivers/STM32F4xx_HAL_Driver/Src/stm32f4xx_hal_gpio.o
 .debug_frame   0x00000000000016e4      0x1f4 ./Drivers/STM32F4xx_HAL_Driver/Src/stm32f4xx_hal_rcc.o
 .debug_frame   0x00000000000018d8     0x11b8 ./Drivers/STM32F4xx_HAL_Driver/Src/stm32f4xx_hal_tim.o
 .debug_frame   0x0000000000002a90      0x638 ./Drivers/STM32F4xx_HAL_Driver/Src/stm32f4xx_hal_tim_ex.o
 .debug_frame   0x00000000000030c8      0x954 ./Drivers/STM32F4xx_HAL_Driver/Src/stm32f4xx_hal_uart.o
 .debug_frame   0x0000000000003a1c       0x20 C:/ST/STM32CubeIDE_1.14.0/STM32CubeIDE/plugins/com.st.stm32cube.ide.mcu.externaltools.gnu-tools-for-stm32.11.3.rel1.win32_1.1.100.202309141235/tools/bin/../lib/gcc/arm-none-eabi/11.3.1/../../../../arm-none-eabi/lib/thumb/v7e-m+fp/hard\libc_nano.a(libc_a-memset.o)
 .debug_frame   0x0000000000003a3c       0x2c C:/ST/STM32CubeIDE_1.14.0/STM32CubeIDE/plugins/com.st.stm32cube.ide.mcu.externaltools.gnu-tools-for-stm32.11.3.rel1.win32_1.1.100.202309141235/tools/bin/../lib/gcc/arm-none-eabi/11.3.1/../../../../arm-none-eabi/lib/thumb/v7e-m+fp/hard\libc_nano.a(libc_a-init.o)
 .debug_frame   0x0000000000003a68       0x2c C:/ST/STM32CubeIDE_1.14.0/STM32CubeIDE/plugins/com.st.stm32cube.ide.mcu.externaltools.gnu-tools-for-stm32.11.3.rel1.win32_1.1.100.202309141235/tools/bin/../lib/gcc/arm-none-eabi/11.3.1/thumb/v7e-m+fp/hard\libgcc.a(_aeabi_uldivmod.o)
 .debug_frame   0x0000000000003a94       0x34 C:/ST/STM32CubeIDE_1.14.0/STM32CubeIDE/plugins/com.st.stm32cube.ide.mcu.externaltools.gnu-tools-for-stm32.11.3.rel1.win32_1.1.100.202309141235/tools/bin/../lib/gcc/arm-none-eabi/11.3.1/thumb/v7e-m+fp/hard\libgcc.a(_udivmoddi4.o)

.debug_line_str
                0x0000000000000000       0x92
 .debug_line_str
                0x0000000000000000       0x92 ./Core/Startup/startup_stm32f411retx.o
                                         0xaa (size before relaxing)
